// Vitest Snapshot v1, https://vitest.dev/guide/snapshot.html

exports[`loginForm.vue > renders 1`] = `
<div data-v-0b0f87ea="" class="flex min-h-screen flex-col sm:flex-row items-center justify-center">
  <!-- Welcome Message Section (Desktop: 70%, Mobile: Full Width) -->
  <!--v-if-->
  <!-- Login Form Section (Desktop: 30%, Mobile: Full Width) -->
  <div data-v-0b0f87ea="" class="w-full px-6 py-12 flex items-center justify-center">
    <div data-v-0b0f87ea="" class="w-full sm:w-[288px] p-7 rounded-xl sm:border sm:border-transparent sm:bg-k-fg-10 relative">
      <div data-v-0b0f87ea="" class="text-center mb-8"><img data-v-0b0f87ea="" alt="Logo" class="inline-block" src="undefined/resources/assets/img/logo.svg" width="156"></div><!-- Initial Buttons View -->
      <transition-stub data-v-0b0f87ea="" name="fade" mode="out-in" appear="false" persisted="false" css="true">
        <div data-v-0b0f87ea="" class="space-y-3">
          <!--v-if-->
          <!--v-if-->
          <div data-v-0b0f87ea="" class="flex flex-col gap-2"><label class="text-k-fg">
              <!--v-if--><button data-v-8943c846="" data-v-0b0f87ea="" class="text-base text-white border border-transparent bg-k-primary px-3.5 py-2 rounded cursor-pointer w-full" type="button" data-testid="internal-account">Internal account</button>
            </label>
            <!--v-if-->
          </div>
        </div>
      </transition-stub>
    </div>
  </div>
</div>
<!--v-if-->
`;
